<?xml version="1.0" encoding="UTF-8" ?>
<testsuites name="vitest tests" tests="18" failures="0" errors="0" time="1.156908542">
    <testsuite name="packages/api/src/sync.integration.test.ts" timestamp="2026-03-04T21:47:05.617Z" hostname="Mac.fritz.box" tests="18" failures="0" errors="0" skipped="0" time="1.156908542">
        <testcase classname="packages/api/src/sync.integration.test.ts" name="sync ingest integration &gt; delivers one ingested event to multiple live subscribers for the same user" time="0.005824875">
            <system-out>
[22:47:04.447] WARN (#1): Failed to mark event 11111111-1111-4111-8111-111111111111 as sent to user aaaaaaaa-aaaa-4aaa-8aaa-aaaaaaaaaaaa: CanonicalStorageError: [object Object]

            </system-out>
        </testcase>
        <testcase classname="packages/api/src/sync.integration.test.ts" name="sync ingest integration &gt; replays from offset on reconnect without duplicating already-consumed events" time="0.103007958">
            <system-out>
[22:47:04.451] WARN (#4): Failed to mark event 22222222-2222-4222-8222-222222222222 as sent to user aaaaaaaa-aaaa-4aaa-8aaa-aaaaaaaaaaaa: CanonicalStorageError: [object Object]
[22:47:04.451] WARN (#4): Failed to mark event 33333333-3333-4333-8333-333333333333 as sent to user aaaaaaaa-aaaa-4aaa-8aaa-aaaaaaaaaaaa: CanonicalStorageError: [object Object]

            </system-out>
        </testcase>
        <testcase classname="packages/api/src/sync.integration.test.ts" name="sync ingest integration &gt; rejects duplicate ingest reruns without duplicating apply or replay state" time="0.102361083">
            <system-out>
[22:47:04.554] WARN (#7): Failed to mark event 77777777-7777-4777-8777-777777777777 as sent to user aaaaaaaa-aaaa-4aaa-8aaa-aaaaaaaaaaaa: CanonicalStorageError: [object Object]

            </system-out>
        </testcase>
        <testcase classname="packages/api/src/sync.integration.test.ts" name="sync ingest integration &gt; keeps events isolated by user stream" time="0.103072875">
            <system-out>
[22:47:04.657] WARN (#10): Failed to mark event 44444444-4444-4444-8444-444444444444 as sent to user aaaaaaaa-aaaa-4aaa-8aaa-aaaaaaaaaaaa: CanonicalStorageError: [object Object]

            </system-out>
        </testcase>
        <testcase classname="packages/api/src/sync.integration.test.ts" name="sync ingest integration &gt; client runtime reconnects from persisted offset without duplicate replay" time="0.203270459">
            <system-out>
[22:47:04.761] INFO (#16): Starting queue processor...
[22:47:04.761] INFO (#16): Starting transport listener...
[22:47:04.762] INFO (#16): SyncEngine live layer initialized! 🚀

[22:47:04.765] WARN (#17): Failed to mark event 5882be02-ad3f-4a3c-9727-23d9aa87c2dc as sent to user aaaaaaaa-aaaa-4aaa-8aaa-aaaaaaaaaaaa: CanonicalStorageError: [object Object]
[22:47:04.766] INFO (#17): Processed event {
  event: {
    type: &apos;absence.recorded&apos;,
    data: {
      studentId: &apos;aaaaaaaa-aaaa-4aaa-8aaa-aaaaaaaaaaaa&apos;,
      date: 1970-01-01T00:00:00.010Z,
      reason: &apos;Krank&apos;,
      courseIds: [Array]
    },
    id: &apos;5882be02-ad3f-4a3c-9727-23d9aa87c2dc&apos;,
    timestamp: 2026-03-04T21:47:04.762Z
  },
  status: { local: &apos;success&apos;, remote: &apos;pending&apos; }
}
[22:47:04.767] INFO (#19): Received event from server {
  type: &apos;absence.recorded&apos;,
  data: {
    studentId: &apos;aaaaaaaa-aaaa-4aaa-8aaa-aaaaaaaaaaaa&apos;,
    date: 1970-01-01T00:00:00.010Z,
    reason: &apos;Krank&apos;,
    courseIds: [ &apos;cccccccc-cccc-4ccc-8ccc-cccccccccccc&apos; ]
  },
  id: &apos;5882be02-ad3f-4a3c-9727-23d9aa87c2dc&apos;,
  timestamp: 2026-03-04T21:47:04.762Z
}

[22:47:04.937] INFO (#22): Starting queue processor...
[22:47:04.938] INFO (#22): Starting transport listener...
[22:47:04.938] INFO (#22): SyncEngine live layer initialized! 🚀

[22:47:04.944] WARN (#23): Failed to mark event 4f409869-fd90-4cf3-9957-d1cac9352b09 as sent to user aaaaaaaa-aaaa-4aaa-8aaa-aaaaaaaaaaaa: CanonicalStorageError: [object Object]
[22:47:04.944] INFO (#23): Processed event {
  event: {
    type: &apos;absence.recorded&apos;,
    data: {
      studentId: &apos;aaaaaaaa-aaaa-4aaa-8aaa-aaaaaaaaaaaa&apos;,
      date: 1970-01-01T00:00:00.011Z,
      reason: &apos;Arzt&apos;,
      courseIds: [Array]
    },
    id: &apos;4f409869-fd90-4cf3-9957-d1cac9352b09&apos;,
    timestamp: 2026-03-04T21:47:04.939Z
  },
  status: { local: &apos;success&apos;, remote: &apos;pending&apos; }
}
[22:47:04.945] INFO (#25): Received event from server {
  type: &apos;absence.recorded&apos;,
  data: {
    studentId: &apos;aaaaaaaa-aaaa-4aaa-8aaa-aaaaaaaaaaaa&apos;,
    date: 1970-01-01T00:00:00.011Z,
    reason: &apos;Arzt&apos;,
    courseIds: [ &apos;dddddddd-dddd-4ddd-8ddd-dddddddddddd&apos; ]
  },
  id: &apos;4f409869-fd90-4cf3-9957-d1cac9352b09&apos;,
  timestamp: 2026-03-04T21:47:04.939Z
}

            </system-out>
        </testcase>
        <testcase classname="packages/api/src/sync.integration.test.ts" name="sync ingest integration &gt; replays missed events after simulated background/offline lifecycle transition" time="0.067126167">
            <system-out>
[22:47:04.964] INFO (#29): Starting queue processor...
[22:47:04.964] INFO (#29): Starting transport listener...
[22:47:04.964] INFO (#29): SyncEngine live layer initialized! 🚀

[22:47:04.964] INFO (#34): Starting queue processor...
[22:47:04.964] INFO (#34): Starting transport listener...
[22:47:04.964] INFO (#34): SyncEngine live layer initialized! 🚀

[22:47:04.966] WARN (#30): Failed to mark event 8e09d2b0-0605-4bcd-95c8-cabfda4f671e as sent to user aaaaaaaa-aaaa-4aaa-8aaa-aaaaaaaaaaaa: CanonicalStorageError: [object Object]
[22:47:04.966] INFO (#30): Processed event {
  event: {
    type: &apos;absence.recorded&apos;,
    data: {
      studentId: &apos;aaaaaaaa-aaaa-4aaa-8aaa-aaaaaaaaaaaa&apos;,
      date: 1970-01-01T00:00:00.040Z,
      reason: &apos;Krank&apos;,
      courseIds: [Array]
    },
    id: &apos;8e09d2b0-0605-4bcd-95c8-cabfda4f671e&apos;,
    timestamp: 2026-03-04T21:47:04.965Z
  },
  status: { local: &apos;success&apos;, remote: &apos;pending&apos; }
}
[22:47:04.966] INFO (#32): Received event from server {
  type: &apos;absence.recorded&apos;,
  data: {
    studentId: &apos;aaaaaaaa-aaaa-4aaa-8aaa-aaaaaaaaaaaa&apos;,
    date: 1970-01-01T00:00:00.040Z,
    reason: &apos;Krank&apos;,
    courseIds: [ &apos;cccccccc-cccc-4ccc-8ccc-cccccccccccc&apos; ]
  },
  id: &apos;8e09d2b0-0605-4bcd-95c8-cabfda4f671e&apos;,
  timestamp: 2026-03-04T21:47:04.965Z
}

[22:47:04.967] INFO (#37): Received event from server {
  type: &apos;absence.recorded&apos;,
  data: {
    studentId: &apos;aaaaaaaa-aaaa-4aaa-8aaa-aaaaaaaaaaaa&apos;,
    date: 1970-01-01T00:00:00.040Z,
    reason: &apos;Krank&apos;,
    courseIds: [ &apos;cccccccc-cccc-4ccc-8ccc-cccccccccccc&apos; ]
  },
  id: &apos;8e09d2b0-0605-4bcd-95c8-cabfda4f671e&apos;,
  timestamp: 2026-03-04T21:47:04.965Z
}

[22:47:04.967] INFO (#35): Processed event {
  event: {
    type: &apos;absence.recorded&apos;,
    data: {
      studentId: &apos;aaaaaaaa-aaaa-4aaa-8aaa-aaaaaaaaaaaa&apos;,
      date: 1970-01-01T00:00:00.040Z,
      reason: &apos;Krank&apos;,
      courseIds: [Array]
    },
    id: &apos;8e09d2b0-0605-4bcd-95c8-cabfda4f671e&apos;,
    timestamp: 2026-03-04T21:47:04.965Z
  },
  status: { local: &apos;pending&apos;, remote: &apos;success&apos; }
}

[22:47:04.988] INFO (#37): Received event from server {
  type: &apos;absence.recorded&apos;,
  data: {
    studentId: &apos;aaaaaaaa-aaaa-4aaa-8aaa-aaaaaaaaaaaa&apos;,
    date: 1970-01-01T00:00:00.041Z,
    reason: &apos;Arzt&apos;,
    courseIds: [ &apos;dddddddd-dddd-4ddd-8ddd-dddddddddddd&apos; ]
  },
  id: &apos;6dc7b397-64e7-4185-9567-c3490bfef884&apos;,
  timestamp: 2026-03-04T21:47:04.987Z
}
[22:47:04.988] WARN (#35): Failed to mark event 6dc7b397-64e7-4185-9567-c3490bfef884 as sent to user aaaaaaaa-aaaa-4aaa-8aaa-aaaaaaaaaaaa: CanonicalStorageError: [object Object]
[22:47:04.988] INFO (#35): Processed event {
  event: {
    type: &apos;absence.recorded&apos;,
    data: {
      studentId: &apos;aaaaaaaa-aaaa-4aaa-8aaa-aaaaaaaaaaaa&apos;,
      date: 1970-01-01T00:00:00.041Z,
      reason: &apos;Arzt&apos;,
      courseIds: [Array]
    },
    id: &apos;6dc7b397-64e7-4185-9567-c3490bfef884&apos;,
    timestamp: 2026-03-04T21:47:04.987Z
  },
  status: { local: &apos;success&apos;, remote: &apos;pending&apos; }
}

[22:47:05.008] INFO (#42): Starting queue processor...
[22:47:05.009] INFO (#42): Starting transport listener...
[22:47:05.009] INFO (#42): SyncEngine live layer initialized! 🚀

[22:47:05.009] INFO (#45): Received event from server {
  type: &apos;absence.recorded&apos;,
  data: {
    studentId: &apos;aaaaaaaa-aaaa-4aaa-8aaa-aaaaaaaaaaaa&apos;,
    date: 1970-01-01T00:00:00.041Z,
    reason: &apos;Arzt&apos;,
    courseIds: [ &apos;dddddddd-dddd-4ddd-8ddd-dddddddddddd&apos; ]
  },
  id: &apos;6dc7b397-64e7-4185-9567-c3490bfef884&apos;,
  timestamp: 2026-03-04T21:47:04.987Z
}

[22:47:05.009] INFO (#43): Processed event {
  event: {
    type: &apos;absence.recorded&apos;,
    data: {
      studentId: &apos;aaaaaaaa-aaaa-4aaa-8aaa-aaaaaaaaaaaa&apos;,
      date: 1970-01-01T00:00:00.041Z,
      reason: &apos;Arzt&apos;,
      courseIds: [Array]
    },
    id: &apos;6dc7b397-64e7-4185-9567-c3490bfef884&apos;,
    timestamp: 2026-03-04T21:47:04.987Z
  },
  status: { local: &apos;pending&apos;, remote: &apos;success&apos; }
}

            </system-out>
        </testcase>
        <testcase classname="packages/api/src/sync.integration.test.ts" name="sync ingest integration &gt; reconnect replay recovers via local snapshot fallback after missing dependency applicator error" time="0.066331167">
            <system-out>
[22:47:05.030] INFO (#50): Starting queue processor...
[22:47:05.030] INFO (#50): Starting transport listener...
[22:47:05.030] INFO (#50): SyncEngine live layer initialized! 🚀

[22:47:05.031] INFO (#55): Starting queue processor...
[22:47:05.031] INFO (#55): Starting transport listener...
[22:47:05.031] INFO (#55): SyncEngine live layer initialized! 🚀

[22:47:05.031] WARN (#51): Failed to mark event b0061fef-4f03-49f1-8fb7-8ced5d829224 as sent to user aaaaaaaa-aaaa-4aaa-8aaa-aaaaaaaaaaaa: CanonicalStorageError: [object Object]
[22:47:05.031] INFO (#51): Processed event {
  event: {
    type: &apos;absence.recorded&apos;,
    data: {
      studentId: &apos;aaaaaaaa-aaaa-4aaa-8aaa-aaaaaaaaaaaa&apos;,
      date: 1970-01-01T00:00:00.050Z,
      reason: &apos;Krank&apos;,
      courseIds: [Array]
    },
    id: &apos;b0061fef-4f03-49f1-8fb7-8ced5d829224&apos;,
    timestamp: 2026-03-04T21:47:05.031Z
  },
  status: { local: &apos;success&apos;, remote: &apos;pending&apos; }
}
[22:47:05.031] INFO (#53): Received event from server {
  type: &apos;absence.recorded&apos;,
  data: {
    studentId: &apos;aaaaaaaa-aaaa-4aaa-8aaa-aaaaaaaaaaaa&apos;,
    date: 1970-01-01T00:00:00.050Z,
    reason: &apos;Krank&apos;,
    courseIds: [ &apos;cccccccc-cccc-4ccc-8ccc-cccccccccccc&apos; ]
  },
  id: &apos;b0061fef-4f03-49f1-8fb7-8ced5d829224&apos;,
  timestamp: 2026-03-04T21:47:05.031Z
}

[22:47:05.032] INFO (#58): Received event from server {
  type: &apos;absence.recorded&apos;,
  data: {
    studentId: &apos;aaaaaaaa-aaaa-4aaa-8aaa-aaaaaaaaaaaa&apos;,
    date: 1970-01-01T00:00:00.050Z,
    reason: &apos;Krank&apos;,
    courseIds: [ &apos;cccccccc-cccc-4ccc-8ccc-cccccccccccc&apos; ]
  },
  id: &apos;b0061fef-4f03-49f1-8fb7-8ced5d829224&apos;,
  timestamp: 2026-03-04T21:47:05.031Z
}

[22:47:05.032] INFO (#56): Processed event {
  event: {
    type: &apos;absence.recorded&apos;,
    data: {
      studentId: &apos;aaaaaaaa-aaaa-4aaa-8aaa-aaaaaaaaaaaa&apos;,
      date: 1970-01-01T00:00:00.050Z,
      reason: &apos;Krank&apos;,
      courseIds: [Array]
    },
    id: &apos;b0061fef-4f03-49f1-8fb7-8ced5d829224&apos;,
    timestamp: 2026-03-04T21:47:05.031Z
  },
  status: { local: &apos;pending&apos;, remote: &apos;success&apos; }
}

[22:47:05.053] INFO (#58): Received event from server {
  type: &apos;absence.recorded&apos;,
  data: {
    studentId: &apos;aaaaaaaa-aaaa-4aaa-8aaa-aaaaaaaaaaaa&apos;,
    date: 1970-01-01T00:00:00.051Z,
    reason: &apos;Arzt&apos;,
    courseIds: [ &apos;dddddddd-dddd-4ddd-8ddd-dddddddddddd&apos; ]
  },
  id: &apos;3f4b2591-4231-4ada-aa90-e9b005737a88&apos;,
  timestamp: 2026-03-04T21:47:05.052Z
}
[22:47:05.053] WARN (#56): Failed to mark event 3f4b2591-4231-4ada-aa90-e9b005737a88 as sent to user aaaaaaaa-aaaa-4aaa-8aaa-aaaaaaaaaaaa: CanonicalStorageError: [object Object]
[22:47:05.053] INFO (#56): Processed event {
  event: {
    type: &apos;absence.recorded&apos;,
    data: {
      studentId: &apos;aaaaaaaa-aaaa-4aaa-8aaa-aaaaaaaaaaaa&apos;,
      date: 1970-01-01T00:00:00.051Z,
      reason: &apos;Arzt&apos;,
      courseIds: [Array]
    },
    id: &apos;3f4b2591-4231-4ada-aa90-e9b005737a88&apos;,
    timestamp: 2026-03-04T21:47:05.052Z
  },
  status: { local: &apos;success&apos;, remote: &apos;pending&apos; }
}

[22:47:05.075] INFO (#63): Starting queue processor...
[22:47:05.075] INFO (#63): Starting transport listener...
[22:47:05.075] INFO (#63): SyncEngine live layer initialized! 🚀

[22:47:05.075] INFO (#66): Received event from server {
  type: &apos;absence.recorded&apos;,
  data: {
    studentId: &apos;aaaaaaaa-aaaa-4aaa-8aaa-aaaaaaaaaaaa&apos;,
    date: 1970-01-01T00:00:00.051Z,
    reason: &apos;Arzt&apos;,
    courseIds: [ &apos;dddddddd-dddd-4ddd-8ddd-dddddddddddd&apos; ]
  },
  id: &apos;3f4b2591-4231-4ada-aa90-e9b005737a88&apos;,
  timestamp: 2026-03-04T21:47:05.052Z
}

[22:47:05.076] INFO (#64): Processed event {
  event: {
    type: &apos;absence.recorded&apos;,
    data: {
      studentId: &apos;aaaaaaaa-aaaa-4aaa-8aaa-aaaaaaaaaaaa&apos;,
      date: 1970-01-01T00:00:00.051Z,
      reason: &apos;Arzt&apos;,
      courseIds: [Array]
    },
    id: &apos;3f4b2591-4231-4ada-aa90-e9b005737a88&apos;,
    timestamp: 2026-03-04T21:47:05.052Z
  },
  status: { local: &apos;pending&apos;, remote: &apos;success&apos; }
}

            </system-out>
        </testcase>
        <testcase classname="packages/api/src/sync.integration.test.ts" name="sync ingest integration &gt; replays missed grades.teacherApproved events after one device reconnects" time="0.06434175">
            <system-out>
[22:47:05.097] INFO (#71): Starting queue processor...
[22:47:05.097] INFO (#71): Starting transport listener...
[22:47:05.097] INFO (#71): SyncEngine live layer initialized! 🚀

[22:47:05.097] INFO (#76): Starting queue processor...
[22:47:05.097] INFO (#76): Starting transport listener...
[22:47:05.097] INFO (#76): SyncEngine live layer initialized! 🚀

[22:47:05.097] WARN (#72): Failed to mark event 248317af-f2a5-4364-a2ea-3c5675e7892d as sent to user aaaaaaaa-aaaa-4aaa-8aaa-aaaaaaaaaaaa: CanonicalStorageError: [object Object]
[22:47:05.097] INFO (#72): Processed event {
  event: {
    type: &apos;grades.teacherApproved&apos;,
    data: {
      studentId: &apos;aaaaaaaa-aaaa-4aaa-8aaa-aaaaaaaaaaaa&apos;,
      date: 1970-01-01T00:00:00.060Z,
      course: &apos;cccccccc-cccc-4ccc-8ccc-cccccccccccc&apos;,
      type: &apos;WRITTEN&apos;,
      signature: &apos;teacher-signature-1&apos;
    },
    id: &apos;248317af-f2a5-4364-a2ea-3c5675e7892d&apos;,
    timestamp: 2026-03-04T21:47:05.097Z
  },
  status: { local: &apos;success&apos;, remote: &apos;pending&apos; }
}
[22:47:05.098] INFO (#74): Received event from server {
  type: &apos;grades.teacherApproved&apos;,
  data: {
    studentId: &apos;aaaaaaaa-aaaa-4aaa-8aaa-aaaaaaaaaaaa&apos;,
    date: 1970-01-01T00:00:00.060Z,
    course: &apos;cccccccc-cccc-4ccc-8ccc-cccccccccccc&apos;,
    type: &apos;WRITTEN&apos;,
    signature: &apos;teacher-signature-1&apos;
  },
  id: &apos;248317af-f2a5-4364-a2ea-3c5675e7892d&apos;,
  timestamp: 2026-03-04T21:47:05.097Z
}

[22:47:05.098] INFO (#79): Received event from server {
  type: &apos;grades.teacherApproved&apos;,
  data: {
    studentId: &apos;aaaaaaaa-aaaa-4aaa-8aaa-aaaaaaaaaaaa&apos;,
    date: 1970-01-01T00:00:00.060Z,
    course: &apos;cccccccc-cccc-4ccc-8ccc-cccccccccccc&apos;,
    type: &apos;WRITTEN&apos;,
    signature: &apos;teacher-signature-1&apos;
  },
  id: &apos;248317af-f2a5-4364-a2ea-3c5675e7892d&apos;,
  timestamp: 2026-03-04T21:47:05.097Z
}

[22:47:05.098] INFO (#77): Processed event {
  event: {
    type: &apos;grades.teacherApproved&apos;,
    data: {
      studentId: &apos;aaaaaaaa-aaaa-4aaa-8aaa-aaaaaaaaaaaa&apos;,
      date: 1970-01-01T00:00:00.060Z,
      course: &apos;cccccccc-cccc-4ccc-8ccc-cccccccccccc&apos;,
      type: &apos;WRITTEN&apos;,
      signature: &apos;teacher-signature-1&apos;
    },
    id: &apos;248317af-f2a5-4364-a2ea-3c5675e7892d&apos;,
    timestamp: 2026-03-04T21:47:05.097Z
  },
  status: { local: &apos;pending&apos;, remote: &apos;success&apos; }
}

[22:47:05.119] INFO (#79): Received event from server {
  type: &apos;grades.teacherApproved&apos;,
  data: {
    studentId: &apos;aaaaaaaa-aaaa-4aaa-8aaa-aaaaaaaaaaaa&apos;,
    date: 1970-01-01T00:00:00.061Z,
    course: &apos;dddddddd-dddd-4ddd-8ddd-dddddddddddd&apos;,
    type: &apos;WRITTEN&apos;,
    signature: &apos;teacher-signature-2&apos;
  },
  id: &apos;e0a36b7d-e0cc-4304-a052-69a412ea8d71&apos;,
  timestamp: 2026-03-04T21:47:05.118Z
}
[22:47:05.119] WARN (#77): Failed to mark event e0a36b7d-e0cc-4304-a052-69a412ea8d71 as sent to user aaaaaaaa-aaaa-4aaa-8aaa-aaaaaaaaaaaa: CanonicalStorageError: [object Object]
[22:47:05.119] INFO (#77): Processed event {
  event: {
    type: &apos;grades.teacherApproved&apos;,
    data: {
      studentId: &apos;aaaaaaaa-aaaa-4aaa-8aaa-aaaaaaaaaaaa&apos;,
      date: 1970-01-01T00:00:00.061Z,
      course: &apos;dddddddd-dddd-4ddd-8ddd-dddddddddddd&apos;,
      type: &apos;WRITTEN&apos;,
      signature: &apos;teacher-signature-2&apos;
    },
    id: &apos;e0a36b7d-e0cc-4304-a052-69a412ea8d71&apos;,
    timestamp: 2026-03-04T21:47:05.118Z
  },
  status: { local: &apos;success&apos;, remote: &apos;pending&apos; }
}

[22:47:05.139] INFO (#84): Starting queue processor...
[22:47:05.139] INFO (#84): Starting transport listener...
[22:47:05.139] INFO (#84): SyncEngine live layer initialized! 🚀

[22:47:05.140] INFO (#87): Received event from server {
  type: &apos;grades.teacherApproved&apos;,
  data: {
    studentId: &apos;aaaaaaaa-aaaa-4aaa-8aaa-aaaaaaaaaaaa&apos;,
    date: 1970-01-01T00:00:00.061Z,
    course: &apos;dddddddd-dddd-4ddd-8ddd-dddddddddddd&apos;,
    type: &apos;WRITTEN&apos;,
    signature: &apos;teacher-signature-2&apos;
  },
  id: &apos;e0a36b7d-e0cc-4304-a052-69a412ea8d71&apos;,
  timestamp: 2026-03-04T21:47:05.118Z
}

[22:47:05.140] INFO (#85): Processed event {
  event: {
    type: &apos;grades.teacherApproved&apos;,
    data: {
      studentId: &apos;aaaaaaaa-aaaa-4aaa-8aaa-aaaaaaaaaaaa&apos;,
      date: 1970-01-01T00:00:00.061Z,
      course: &apos;dddddddd-dddd-4ddd-8ddd-dddddddddddd&apos;,
      type: &apos;WRITTEN&apos;,
      signature: &apos;teacher-signature-2&apos;
    },
    id: &apos;e0a36b7d-e0cc-4304-a052-69a412ea8d71&apos;,
    timestamp: 2026-03-04T21:47:05.118Z
  },
  status: { local: &apos;pending&apos;, remote: &apos;success&apos; }
}

            </system-out>
        </testcase>
        <testcase classname="packages/api/src/sync.integration.test.ts" name="sync ingest integration &gt; replays missed grades.parentApproved events after one device reconnects" time="0.065433459">
            <system-out>
[22:47:05.161] INFO (#92): Starting queue processor...
[22:47:05.161] INFO (#92): Starting transport listener...
[22:47:05.161] INFO (#92): SyncEngine live layer initialized! 🚀

[22:47:05.161] INFO (#97): Starting queue processor...
[22:47:05.161] INFO (#97): Starting transport listener...
[22:47:05.161] INFO (#97): SyncEngine live layer initialized! 🚀

[22:47:05.162] WARN (#93): Failed to mark event 0eef6648-2f3b-4ffb-ada2-7043abbb54cd as sent to user aaaaaaaa-aaaa-4aaa-8aaa-aaaaaaaaaaaa: CanonicalStorageError: [object Object]
[22:47:05.162] INFO (#93): Processed event {
  event: {
    type: &apos;grades.parentApproved&apos;,
    data: {
      studentId: &apos;aaaaaaaa-aaaa-4aaa-8aaa-aaaaaaaaaaaa&apos;,
      date: 1970-01-01T00:00:00.062Z,
      course: &apos;cccccccc-cccc-4ccc-8ccc-cccccccccccc&apos;,
      type: &apos;WRITTEN&apos;,
      signature: &apos;parent-signature-1&apos;
    },
    id: &apos;0eef6648-2f3b-4ffb-ada2-7043abbb54cd&apos;,
    timestamp: 2026-03-04T21:47:05.162Z
  },
  status: { local: &apos;success&apos;, remote: &apos;pending&apos; }
}
[22:47:05.162] INFO (#95): Received event from server {
  type: &apos;grades.parentApproved&apos;,
  data: {
    studentId: &apos;aaaaaaaa-aaaa-4aaa-8aaa-aaaaaaaaaaaa&apos;,
    date: 1970-01-01T00:00:00.062Z,
    course: &apos;cccccccc-cccc-4ccc-8ccc-cccccccccccc&apos;,
    type: &apos;WRITTEN&apos;,
    signature: &apos;parent-signature-1&apos;
  },
  id: &apos;0eef6648-2f3b-4ffb-ada2-7043abbb54cd&apos;,
  timestamp: 2026-03-04T21:47:05.162Z
}

[22:47:05.163] INFO (#100): Received event from server {
  type: &apos;grades.parentApproved&apos;,
  data: {
    studentId: &apos;aaaaaaaa-aaaa-4aaa-8aaa-aaaaaaaaaaaa&apos;,
    date: 1970-01-01T00:00:00.062Z,
    course: &apos;cccccccc-cccc-4ccc-8ccc-cccccccccccc&apos;,
    type: &apos;WRITTEN&apos;,
    signature: &apos;parent-signature-1&apos;
  },
  id: &apos;0eef6648-2f3b-4ffb-ada2-7043abbb54cd&apos;,
  timestamp: 2026-03-04T21:47:05.162Z
}

[22:47:05.163] INFO (#98): Processed event {
  event: {
    type: &apos;grades.parentApproved&apos;,
    data: {
      studentId: &apos;aaaaaaaa-aaaa-4aaa-8aaa-aaaaaaaaaaaa&apos;,
      date: 1970-01-01T00:00:00.062Z,
      course: &apos;cccccccc-cccc-4ccc-8ccc-cccccccccccc&apos;,
      type: &apos;WRITTEN&apos;,
      signature: &apos;parent-signature-1&apos;
    },
    id: &apos;0eef6648-2f3b-4ffb-ada2-7043abbb54cd&apos;,
    timestamp: 2026-03-04T21:47:05.162Z
  },
  status: { local: &apos;pending&apos;, remote: &apos;success&apos; }
}

[22:47:05.184] INFO (#100): Received event from server {
  type: &apos;grades.parentApproved&apos;,
  data: {
    studentId: &apos;aaaaaaaa-aaaa-4aaa-8aaa-aaaaaaaaaaaa&apos;,
    date: 1970-01-01T00:00:00.063Z,
    course: &apos;dddddddd-dddd-4ddd-8ddd-dddddddddddd&apos;,
    type: &apos;WRITTEN&apos;,
    signature: &apos;parent-signature-2&apos;
  },
  id: &apos;ab2e0d77-93cb-4835-a882-95e9a39219c2&apos;,
  timestamp: 2026-03-04T21:47:05.184Z
}
[22:47:05.184] WARN (#98): Failed to mark event ab2e0d77-93cb-4835-a882-95e9a39219c2 as sent to user aaaaaaaa-aaaa-4aaa-8aaa-aaaaaaaaaaaa: CanonicalStorageError: [object Object]
[22:47:05.184] INFO (#98): Processed event {
  event: {
    type: &apos;grades.parentApproved&apos;,
    data: {
      studentId: &apos;aaaaaaaa-aaaa-4aaa-8aaa-aaaaaaaaaaaa&apos;,
      date: 1970-01-01T00:00:00.063Z,
      course: &apos;dddddddd-dddd-4ddd-8ddd-dddddddddddd&apos;,
      type: &apos;WRITTEN&apos;,
      signature: &apos;parent-signature-2&apos;
    },
    id: &apos;ab2e0d77-93cb-4835-a882-95e9a39219c2&apos;,
    timestamp: 2026-03-04T21:47:05.184Z
  },
  status: { local: &apos;success&apos;, remote: &apos;pending&apos; }
}

[22:47:05.205] INFO (#105): Starting queue processor...
[22:47:05.205] INFO (#105): Starting transport listener...
[22:47:05.205] INFO (#105): SyncEngine live layer initialized! 🚀

[22:47:05.205] INFO (#108): Received event from server {
  type: &apos;grades.parentApproved&apos;,
  data: {
    studentId: &apos;aaaaaaaa-aaaa-4aaa-8aaa-aaaaaaaaaaaa&apos;,
    date: 1970-01-01T00:00:00.063Z,
    course: &apos;dddddddd-dddd-4ddd-8ddd-dddddddddddd&apos;,
    type: &apos;WRITTEN&apos;,
    signature: &apos;parent-signature-2&apos;
  },
  id: &apos;ab2e0d77-93cb-4835-a882-95e9a39219c2&apos;,
  timestamp: 2026-03-04T21:47:05.184Z
}

[22:47:05.205] INFO (#106): Processed event {
  event: {
    type: &apos;grades.parentApproved&apos;,
    data: {
      studentId: &apos;aaaaaaaa-aaaa-4aaa-8aaa-aaaaaaaaaaaa&apos;,
      date: 1970-01-01T00:00:00.063Z,
      course: &apos;dddddddd-dddd-4ddd-8ddd-dddddddddddd&apos;,
      type: &apos;WRITTEN&apos;,
      signature: &apos;parent-signature-2&apos;
    },
    id: &apos;ab2e0d77-93cb-4835-a882-95e9a39219c2&apos;,
    timestamp: 2026-03-04T21:47:05.184Z
  },
  status: { local: &apos;pending&apos;, remote: &apos;success&apos; }
}

            </system-out>
        </testcase>
        <testcase classname="packages/api/src/sync.integration.test.ts" name="sync ingest integration &gt; replays missed grades.latestRestored events after one device reconnects" time="0.067187042">
            <system-out>
[22:47:05.226] INFO (#113): Starting queue processor...
[22:47:05.227] INFO (#113): Starting transport listener...
[22:47:05.227] INFO (#113): SyncEngine live layer initialized! 🚀

[22:47:05.227] INFO (#118): Starting queue processor...
[22:47:05.227] INFO (#118): Starting transport listener...
[22:47:05.227] INFO (#118): SyncEngine live layer initialized! 🚀

[22:47:05.229] WARN (#114): Failed to mark event ca415513-fe44-4bf6-9bd7-9d41623dc9f8 as sent to user aaaaaaaa-aaaa-4aaa-8aaa-aaaaaaaaaaaa: CanonicalStorageError: [object Object]
[22:47:05.229] INFO (#114): Processed event {
  event: {
    type: &apos;grades.latestRestored&apos;,
    data: {
      studentId: &apos;aaaaaaaa-aaaa-4aaa-8aaa-aaaaaaaaaaaa&apos;,
      course: &apos;cccccccc-cccc-4ccc-8ccc-cccccccccccc&apos;,
      type: &apos;MASTER&apos;
    },
    id: &apos;ca415513-fe44-4bf6-9bd7-9d41623dc9f8&apos;,
    timestamp: 2026-03-04T21:47:05.227Z
  },
  status: { local: &apos;success&apos;, remote: &apos;pending&apos; }
}
[22:47:05.229] INFO (#116): Received event from server {
  type: &apos;grades.latestRestored&apos;,
  data: {
    studentId: &apos;aaaaaaaa-aaaa-4aaa-8aaa-aaaaaaaaaaaa&apos;,
    course: &apos;cccccccc-cccc-4ccc-8ccc-cccccccccccc&apos;,
    type: &apos;MASTER&apos;
  },
  id: &apos;ca415513-fe44-4bf6-9bd7-9d41623dc9f8&apos;,
  timestamp: 2026-03-04T21:47:05.227Z
}

[22:47:05.229] INFO (#121): Received event from server {
  type: &apos;grades.latestRestored&apos;,
  data: {
    studentId: &apos;aaaaaaaa-aaaa-4aaa-8aaa-aaaaaaaaaaaa&apos;,
    course: &apos;cccccccc-cccc-4ccc-8ccc-cccccccccccc&apos;,
    type: &apos;MASTER&apos;
  },
  id: &apos;ca415513-fe44-4bf6-9bd7-9d41623dc9f8&apos;,
  timestamp: 2026-03-04T21:47:05.227Z
}

[22:47:05.229] INFO (#119): Processed event {
  event: {
    type: &apos;grades.latestRestored&apos;,
    data: {
      studentId: &apos;aaaaaaaa-aaaa-4aaa-8aaa-aaaaaaaaaaaa&apos;,
      course: &apos;cccccccc-cccc-4ccc-8ccc-cccccccccccc&apos;,
      type: &apos;MASTER&apos;
    },
    id: &apos;ca415513-fe44-4bf6-9bd7-9d41623dc9f8&apos;,
    timestamp: 2026-03-04T21:47:05.227Z
  },
  status: { local: &apos;pending&apos;, remote: &apos;success&apos; }
}

[22:47:05.249] INFO (#121): Received event from server {
  type: &apos;grades.latestRestored&apos;,
  data: {
    studentId: &apos;aaaaaaaa-aaaa-4aaa-8aaa-aaaaaaaaaaaa&apos;,
    course: &apos;dddddddd-dddd-4ddd-8ddd-dddddddddddd&apos;,
    type: &apos;MASTER&apos;
  },
  id: &apos;282d9225-7317-4fff-b8a7-765df821de52&apos;,
  timestamp: 2026-03-04T21:47:05.249Z
}
[22:47:05.249] WARN (#119): Failed to mark event 282d9225-7317-4fff-b8a7-765df821de52 as sent to user aaaaaaaa-aaaa-4aaa-8aaa-aaaaaaaaaaaa: CanonicalStorageError: [object Object]
[22:47:05.250] INFO (#119): Processed event {
  event: {
    type: &apos;grades.latestRestored&apos;,
    data: {
      studentId: &apos;aaaaaaaa-aaaa-4aaa-8aaa-aaaaaaaaaaaa&apos;,
      course: &apos;dddddddd-dddd-4ddd-8ddd-dddddddddddd&apos;,
      type: &apos;MASTER&apos;
    },
    id: &apos;282d9225-7317-4fff-b8a7-765df821de52&apos;,
    timestamp: 2026-03-04T21:47:05.249Z
  },
  status: { local: &apos;success&apos;, remote: &apos;pending&apos; }
}

[22:47:05.271] INFO (#126): Starting queue processor...
[22:47:05.271] INFO (#126): Starting transport listener...
[22:47:05.271] INFO (#126): SyncEngine live layer initialized! 🚀

[22:47:05.271] INFO (#129): Received event from server {
  type: &apos;grades.latestRestored&apos;,
  data: {
    studentId: &apos;aaaaaaaa-aaaa-4aaa-8aaa-aaaaaaaaaaaa&apos;,
    course: &apos;dddddddd-dddd-4ddd-8ddd-dddddddddddd&apos;,
    type: &apos;MASTER&apos;
  },
  id: &apos;282d9225-7317-4fff-b8a7-765df821de52&apos;,
  timestamp: 2026-03-04T21:47:05.249Z
}

[22:47:05.272] INFO (#127): Processed event {
  event: {
    type: &apos;grades.latestRestored&apos;,
    data: {
      studentId: &apos;aaaaaaaa-aaaa-4aaa-8aaa-aaaaaaaaaaaa&apos;,
      course: &apos;dddddddd-dddd-4ddd-8ddd-dddddddddddd&apos;,
      type: &apos;MASTER&apos;
    },
    id: &apos;282d9225-7317-4fff-b8a7-765df821de52&apos;,
    timestamp: 2026-03-04T21:47:05.249Z
  },
  status: { local: &apos;pending&apos;, remote: &apos;success&apos; }
}

            </system-out>
        </testcase>
        <testcase classname="packages/api/src/sync.integration.test.ts" name="sync ingest integration &gt; does not replay unauthorized grades.teacherApproved events after one device reconnects" time="0.066521917">
            <system-out>
[22:47:05.294] INFO (#134): Starting queue processor...
[22:47:05.294] INFO (#134): Starting transport listener...
[22:47:05.294] INFO (#134): SyncEngine live layer initialized! 🚀

[22:47:05.294] INFO (#139): Starting queue processor...
[22:47:05.294] INFO (#139): Starting transport listener...
[22:47:05.294] INFO (#139): SyncEngine live layer initialized! 🚀

[22:47:05.294] WARN (#135): Failed to mark event 6623f128-f3e6-448a-9069-8f757ea401ac as sent to user aaaaaaaa-aaaa-4aaa-8aaa-aaaaaaaaaaaa: CanonicalStorageError: [object Object]
[22:47:05.294] INFO (#135): Processed event {
  event: {
    type: &apos;grades.teacherApproved&apos;,
    data: {
      studentId: &apos;aaaaaaaa-aaaa-4aaa-8aaa-aaaaaaaaaaaa&apos;,
      date: 1970-01-01T00:00:00.070Z,
      course: &apos;cccccccc-cccc-4ccc-8ccc-cccccccccccc&apos;,
      type: &apos;WRITTEN&apos;,
      signature: &apos;teacher-signature-1&apos;
    },
    id: &apos;6623f128-f3e6-448a-9069-8f757ea401ac&apos;,
    timestamp: 2026-03-04T21:47:05.294Z
  },
  status: { local: &apos;success&apos;, remote: &apos;pending&apos; }
}
[22:47:05.295] INFO (#137): Received event from server {
  type: &apos;grades.teacherApproved&apos;,
  data: {
    studentId: &apos;aaaaaaaa-aaaa-4aaa-8aaa-aaaaaaaaaaaa&apos;,
    date: 1970-01-01T00:00:00.070Z,
    course: &apos;cccccccc-cccc-4ccc-8ccc-cccccccccccc&apos;,
    type: &apos;WRITTEN&apos;,
    signature: &apos;teacher-signature-1&apos;
  },
  id: &apos;6623f128-f3e6-448a-9069-8f757ea401ac&apos;,
  timestamp: 2026-03-04T21:47:05.294Z
}

[22:47:05.295] INFO (#142): Received event from server {
  type: &apos;grades.teacherApproved&apos;,
  data: {
    studentId: &apos;aaaaaaaa-aaaa-4aaa-8aaa-aaaaaaaaaaaa&apos;,
    date: 1970-01-01T00:00:00.070Z,
    course: &apos;cccccccc-cccc-4ccc-8ccc-cccccccccccc&apos;,
    type: &apos;WRITTEN&apos;,
    signature: &apos;teacher-signature-1&apos;
  },
  id: &apos;6623f128-f3e6-448a-9069-8f757ea401ac&apos;,
  timestamp: 2026-03-04T21:47:05.294Z
}

[22:47:05.295] INFO (#140): Processed event {
  event: {
    type: &apos;grades.teacherApproved&apos;,
    data: {
      studentId: &apos;aaaaaaaa-aaaa-4aaa-8aaa-aaaaaaaaaaaa&apos;,
      date: 1970-01-01T00:00:00.070Z,
      course: &apos;cccccccc-cccc-4ccc-8ccc-cccccccccccc&apos;,
      type: &apos;WRITTEN&apos;,
      signature: &apos;teacher-signature-1&apos;
    },
    id: &apos;6623f128-f3e6-448a-9069-8f757ea401ac&apos;,
    timestamp: 2026-03-04T21:47:05.294Z
  },
  status: { local: &apos;pending&apos;, remote: &apos;success&apos; }
}

[22:47:05.316] INFO (#142): Received event from server {
  type: &apos;grades.teacherApproved&apos;,
  data: {
    studentId: &apos;aaaaaaaa-aaaa-4aaa-8aaa-aaaaaaaaaaaa&apos;,
    date: 1970-01-01T00:00:00.072Z,
    course: &apos;dddddddd-dddd-4ddd-8ddd-dddddddddddd&apos;,
    type: &apos;WRITTEN&apos;,
    signature: &apos;teacher-signature-2&apos;
  },
  id: &apos;de598b10-ef05-4185-bd55-56a3b89a5b25&apos;,
  timestamp: 2026-03-04T21:47:05.316Z
}
[22:47:05.317] WARN (#140): Failed to mark event de598b10-ef05-4185-bd55-56a3b89a5b25 as sent to user aaaaaaaa-aaaa-4aaa-8aaa-aaaaaaaaaaaa: CanonicalStorageError: [object Object]
[22:47:05.317] INFO (#140): Processed event {
  event: {
    type: &apos;grades.teacherApproved&apos;,
    data: {
      studentId: &apos;aaaaaaaa-aaaa-4aaa-8aaa-aaaaaaaaaaaa&apos;,
      date: 1970-01-01T00:00:00.072Z,
      course: &apos;dddddddd-dddd-4ddd-8ddd-dddddddddddd&apos;,
      type: &apos;WRITTEN&apos;,
      signature: &apos;teacher-signature-2&apos;
    },
    id: &apos;de598b10-ef05-4185-bd55-56a3b89a5b25&apos;,
    timestamp: 2026-03-04T21:47:05.316Z
  },
  status: { local: &apos;success&apos;, remote: &apos;pending&apos; }
}

[22:47:05.338] INFO (#148): Starting queue processor...
[22:47:05.338] INFO (#148): Starting transport listener...
[22:47:05.339] INFO (#148): SyncEngine live layer initialized! 🚀

[22:47:05.339] INFO (#151): Received event from server {
  type: &apos;grades.teacherApproved&apos;,
  data: {
    studentId: &apos;aaaaaaaa-aaaa-4aaa-8aaa-aaaaaaaaaaaa&apos;,
    date: 1970-01-01T00:00:00.072Z,
    course: &apos;dddddddd-dddd-4ddd-8ddd-dddddddddddd&apos;,
    type: &apos;WRITTEN&apos;,
    signature: &apos;teacher-signature-2&apos;
  },
  id: &apos;de598b10-ef05-4185-bd55-56a3b89a5b25&apos;,
  timestamp: 2026-03-04T21:47:05.316Z
}

[22:47:05.340] INFO (#149): Processed event {
  event: {
    type: &apos;grades.teacherApproved&apos;,
    data: {
      studentId: &apos;aaaaaaaa-aaaa-4aaa-8aaa-aaaaaaaaaaaa&apos;,
      date: 1970-01-01T00:00:00.072Z,
      course: &apos;dddddddd-dddd-4ddd-8ddd-dddddddddddd&apos;,
      type: &apos;WRITTEN&apos;,
      signature: &apos;teacher-signature-2&apos;
    },
    id: &apos;de598b10-ef05-4185-bd55-56a3b89a5b25&apos;,
    timestamp: 2026-03-04T21:47:05.316Z
  },
  status: { local: &apos;pending&apos;, remote: &apos;success&apos; }
}

            </system-out>
        </testcase>
        <testcase classname="packages/api/src/sync.integration.test.ts" name="sync ingest integration &gt; does not replay unauthorized grades.parentApproved events after one device reconnects" time="0.065679625">
            <system-out>
[22:47:05.360] INFO (#156): Starting queue processor...
[22:47:05.360] INFO (#156): Starting transport listener...
[22:47:05.360] INFO (#156): SyncEngine live layer initialized! 🚀

[22:47:05.360] INFO (#161): Starting queue processor...
[22:47:05.360] INFO (#161): Starting transport listener...
[22:47:05.360] INFO (#161): SyncEngine live layer initialized! 🚀

[22:47:05.361] WARN (#157): Failed to mark event 8e67766d-349c-43c9-947a-055a65be4e10 as sent to user aaaaaaaa-aaaa-4aaa-8aaa-aaaaaaaaaaaa: CanonicalStorageError: [object Object]
[22:47:05.361] INFO (#157): Processed event {
  event: {
    type: &apos;grades.parentApproved&apos;,
    data: {
      studentId: &apos;aaaaaaaa-aaaa-4aaa-8aaa-aaaaaaaaaaaa&apos;,
      date: 1970-01-01T00:00:00.073Z,
      course: &apos;cccccccc-cccc-4ccc-8ccc-cccccccccccc&apos;,
      type: &apos;WRITTEN&apos;,
      signature: &apos;parent-signature-1&apos;
    },
    id: &apos;8e67766d-349c-43c9-947a-055a65be4e10&apos;,
    timestamp: 2026-03-04T21:47:05.360Z
  },
  status: { local: &apos;success&apos;, remote: &apos;pending&apos; }
}
[22:47:05.361] INFO (#159): Received event from server {
  type: &apos;grades.parentApproved&apos;,
  data: {
    studentId: &apos;aaaaaaaa-aaaa-4aaa-8aaa-aaaaaaaaaaaa&apos;,
    date: 1970-01-01T00:00:00.073Z,
    course: &apos;cccccccc-cccc-4ccc-8ccc-cccccccccccc&apos;,
    type: &apos;WRITTEN&apos;,
    signature: &apos;parent-signature-1&apos;
  },
  id: &apos;8e67766d-349c-43c9-947a-055a65be4e10&apos;,
  timestamp: 2026-03-04T21:47:05.360Z
}

[22:47:05.361] INFO (#164): Received event from server {
  type: &apos;grades.parentApproved&apos;,
  data: {
    studentId: &apos;aaaaaaaa-aaaa-4aaa-8aaa-aaaaaaaaaaaa&apos;,
    date: 1970-01-01T00:00:00.073Z,
    course: &apos;cccccccc-cccc-4ccc-8ccc-cccccccccccc&apos;,
    type: &apos;WRITTEN&apos;,
    signature: &apos;parent-signature-1&apos;
  },
  id: &apos;8e67766d-349c-43c9-947a-055a65be4e10&apos;,
  timestamp: 2026-03-04T21:47:05.360Z
}

[22:47:05.361] INFO (#162): Processed event {
  event: {
    type: &apos;grades.parentApproved&apos;,
    data: {
      studentId: &apos;aaaaaaaa-aaaa-4aaa-8aaa-aaaaaaaaaaaa&apos;,
      date: 1970-01-01T00:00:00.073Z,
      course: &apos;cccccccc-cccc-4ccc-8ccc-cccccccccccc&apos;,
      type: &apos;WRITTEN&apos;,
      signature: &apos;parent-signature-1&apos;
    },
    id: &apos;8e67766d-349c-43c9-947a-055a65be4e10&apos;,
    timestamp: 2026-03-04T21:47:05.360Z
  },
  status: { local: &apos;pending&apos;, remote: &apos;success&apos; }
}

[22:47:05.383] INFO (#164): Received event from server {
  type: &apos;grades.parentApproved&apos;,
  data: {
    studentId: &apos;aaaaaaaa-aaaa-4aaa-8aaa-aaaaaaaaaaaa&apos;,
    date: 1970-01-01T00:00:00.075Z,
    course: &apos;dddddddd-dddd-4ddd-8ddd-dddddddddddd&apos;,
    type: &apos;WRITTEN&apos;,
    signature: &apos;parent-signature-2&apos;
  },
  id: &apos;32a0d594-bbef-4d7b-a0b6-27d5e052f4c4&apos;,
  timestamp: 2026-03-04T21:47:05.382Z
}
[22:47:05.383] WARN (#162): Failed to mark event 32a0d594-bbef-4d7b-a0b6-27d5e052f4c4 as sent to user aaaaaaaa-aaaa-4aaa-8aaa-aaaaaaaaaaaa: CanonicalStorageError: [object Object]
[22:47:05.383] INFO (#162): Processed event {
  event: {
    type: &apos;grades.parentApproved&apos;,
    data: {
      studentId: &apos;aaaaaaaa-aaaa-4aaa-8aaa-aaaaaaaaaaaa&apos;,
      date: 1970-01-01T00:00:00.075Z,
      course: &apos;dddddddd-dddd-4ddd-8ddd-dddddddddddd&apos;,
      type: &apos;WRITTEN&apos;,
      signature: &apos;parent-signature-2&apos;
    },
    id: &apos;32a0d594-bbef-4d7b-a0b6-27d5e052f4c4&apos;,
    timestamp: 2026-03-04T21:47:05.382Z
  },
  status: { local: &apos;success&apos;, remote: &apos;pending&apos; }
}

[22:47:05.404] INFO (#170): Starting queue processor...
[22:47:05.404] INFO (#170): Starting transport listener...
[22:47:05.404] INFO (#170): SyncEngine live layer initialized! 🚀

[22:47:05.405] INFO (#173): Received event from server {
  type: &apos;grades.parentApproved&apos;,
  data: {
    studentId: &apos;aaaaaaaa-aaaa-4aaa-8aaa-aaaaaaaaaaaa&apos;,
    date: 1970-01-01T00:00:00.075Z,
    course: &apos;dddddddd-dddd-4ddd-8ddd-dddddddddddd&apos;,
    type: &apos;WRITTEN&apos;,
    signature: &apos;parent-signature-2&apos;
  },
  id: &apos;32a0d594-bbef-4d7b-a0b6-27d5e052f4c4&apos;,
  timestamp: 2026-03-04T21:47:05.382Z
}

[22:47:05.405] INFO (#171): Processed event {
  event: {
    type: &apos;grades.parentApproved&apos;,
    data: {
      studentId: &apos;aaaaaaaa-aaaa-4aaa-8aaa-aaaaaaaaaaaa&apos;,
      date: 1970-01-01T00:00:00.075Z,
      course: &apos;dddddddd-dddd-4ddd-8ddd-dddddddddddd&apos;,
      type: &apos;WRITTEN&apos;,
      signature: &apos;parent-signature-2&apos;
    },
    id: &apos;32a0d594-bbef-4d7b-a0b6-27d5e052f4c4&apos;,
    timestamp: 2026-03-04T21:47:05.382Z
  },
  status: { local: &apos;pending&apos;, remote: &apos;success&apos; }
}

            </system-out>
        </testcase>
        <testcase classname="packages/api/src/sync.integration.test.ts" name="sync ingest integration &gt; does not replay unauthorized grades.latestRestored events after one device reconnects" time="0.064845333">
            <system-out>
[22:47:05.426] INFO (#178): Starting queue processor...
[22:47:05.426] INFO (#178): Starting transport listener...
[22:47:05.426] INFO (#178): SyncEngine live layer initialized! 🚀

[22:47:05.426] INFO (#183): Starting queue processor...
[22:47:05.426] INFO (#183): Starting transport listener...
[22:47:05.426] INFO (#183): SyncEngine live layer initialized! 🚀

[22:47:05.427] WARN (#179): Failed to mark event c4b7b985-a2c0-44a2-a024-dec1c13834f5 as sent to user aaaaaaaa-aaaa-4aaa-8aaa-aaaaaaaaaaaa: CanonicalStorageError: [object Object]
[22:47:05.427] INFO (#179): Processed event {
  event: {
    type: &apos;grades.latestRestored&apos;,
    data: {
      studentId: &apos;aaaaaaaa-aaaa-4aaa-8aaa-aaaaaaaaaaaa&apos;,
      course: &apos;cccccccc-cccc-4ccc-8ccc-cccccccccccc&apos;,
      type: &apos;MASTER&apos;
    },
    id: &apos;c4b7b985-a2c0-44a2-a024-dec1c13834f5&apos;,
    timestamp: 2026-03-04T21:47:05.426Z
  },
  status: { local: &apos;success&apos;, remote: &apos;pending&apos; }
}
[22:47:05.427] INFO (#181): Received event from server {
  type: &apos;grades.latestRestored&apos;,
  data: {
    studentId: &apos;aaaaaaaa-aaaa-4aaa-8aaa-aaaaaaaaaaaa&apos;,
    course: &apos;cccccccc-cccc-4ccc-8ccc-cccccccccccc&apos;,
    type: &apos;MASTER&apos;
  },
  id: &apos;c4b7b985-a2c0-44a2-a024-dec1c13834f5&apos;,
  timestamp: 2026-03-04T21:47:05.426Z
}

[22:47:05.427] INFO (#186): Received event from server {
  type: &apos;grades.latestRestored&apos;,
  data: {
    studentId: &apos;aaaaaaaa-aaaa-4aaa-8aaa-aaaaaaaaaaaa&apos;,
    course: &apos;cccccccc-cccc-4ccc-8ccc-cccccccccccc&apos;,
    type: &apos;MASTER&apos;
  },
  id: &apos;c4b7b985-a2c0-44a2-a024-dec1c13834f5&apos;,
  timestamp: 2026-03-04T21:47:05.426Z
}

[22:47:05.427] INFO (#184): Processed event {
  event: {
    type: &apos;grades.latestRestored&apos;,
    data: {
      studentId: &apos;aaaaaaaa-aaaa-4aaa-8aaa-aaaaaaaaaaaa&apos;,
      course: &apos;cccccccc-cccc-4ccc-8ccc-cccccccccccc&apos;,
      type: &apos;MASTER&apos;
    },
    id: &apos;c4b7b985-a2c0-44a2-a024-dec1c13834f5&apos;,
    timestamp: 2026-03-04T21:47:05.426Z
  },
  status: { local: &apos;pending&apos;, remote: &apos;success&apos; }
}

[22:47:05.448] INFO (#186): Received event from server {
  type: &apos;grades.latestRestored&apos;,
  data: {
    studentId: &apos;aaaaaaaa-aaaa-4aaa-8aaa-aaaaaaaaaaaa&apos;,
    course: &apos;dddddddd-dddd-4ddd-8ddd-dddddddddddd&apos;,
    type: &apos;MASTER&apos;
  },
  id: &apos;5ed93409-f06e-4f0a-864b-81adc1713999&apos;,
  timestamp: 2026-03-04T21:47:05.448Z
}
[22:47:05.448] WARN (#184): Failed to mark event 5ed93409-f06e-4f0a-864b-81adc1713999 as sent to user aaaaaaaa-aaaa-4aaa-8aaa-aaaaaaaaaaaa: CanonicalStorageError: [object Object]
[22:47:05.448] INFO (#184): Processed event {
  event: {
    type: &apos;grades.latestRestored&apos;,
    data: {
      studentId: &apos;aaaaaaaa-aaaa-4aaa-8aaa-aaaaaaaaaaaa&apos;,
      course: &apos;dddddddd-dddd-4ddd-8ddd-dddddddddddd&apos;,
      type: &apos;MASTER&apos;
    },
    id: &apos;5ed93409-f06e-4f0a-864b-81adc1713999&apos;,
    timestamp: 2026-03-04T21:47:05.448Z
  },
  status: { local: &apos;success&apos;, remote: &apos;pending&apos; }
}

[22:47:05.468] INFO (#192): Starting queue processor...
[22:47:05.468] INFO (#192): Starting transport listener...
[22:47:05.468] INFO (#192): SyncEngine live layer initialized! 🚀

[22:47:05.468] INFO (#195): Received event from server {
  type: &apos;grades.latestRestored&apos;,
  data: {
    studentId: &apos;aaaaaaaa-aaaa-4aaa-8aaa-aaaaaaaaaaaa&apos;,
    course: &apos;dddddddd-dddd-4ddd-8ddd-dddddddddddd&apos;,
    type: &apos;MASTER&apos;
  },
  id: &apos;5ed93409-f06e-4f0a-864b-81adc1713999&apos;,
  timestamp: 2026-03-04T21:47:05.448Z
}

[22:47:05.469] INFO (#193): Processed event {
  event: {
    type: &apos;grades.latestRestored&apos;,
    data: {
      studentId: &apos;aaaaaaaa-aaaa-4aaa-8aaa-aaaaaaaaaaaa&apos;,
      course: &apos;dddddddd-dddd-4ddd-8ddd-dddddddddddd&apos;,
      type: &apos;MASTER&apos;
    },
    id: &apos;5ed93409-f06e-4f0a-864b-81adc1713999&apos;,
    timestamp: 2026-03-04T21:47:05.448Z
  },
  status: { local: &apos;pending&apos;, remote: &apos;success&apos; }
}

            </system-out>
        </testcase>
        <testcase classname="packages/api/src/sync.integration.test.ts" name="sync ingest integration &gt; two live client runtimes converge for the same user" time="0.022297042">
            <system-out>
[22:47:05.491] INFO (#200): Starting queue processor...
[22:47:05.491] INFO (#200): Starting transport listener...
[22:47:05.491] INFO (#200): SyncEngine live layer initialized! 🚀

[22:47:05.491] INFO (#205): Starting queue processor...
[22:47:05.491] INFO (#205): Starting transport listener...
[22:47:05.491] INFO (#205): SyncEngine live layer initialized! 🚀

[22:47:05.492] WARN (#201): Failed to mark event 050e842c-9b02-441e-b609-95ef00991bc0 as sent to user aaaaaaaa-aaaa-4aaa-8aaa-aaaaaaaaaaaa: CanonicalStorageError: [object Object]
[22:47:05.492] INFO (#201): Processed event {
  event: {
    type: &apos;absence.recorded&apos;,
    data: {
      studentId: &apos;aaaaaaaa-aaaa-4aaa-8aaa-aaaaaaaaaaaa&apos;,
      date: 1970-01-01T00:00:00.020Z,
      reason: &apos;Krank&apos;,
      courseIds: [Array]
    },
    id: &apos;050e842c-9b02-441e-b609-95ef00991bc0&apos;,
    timestamp: 2026-03-04T21:47:05.491Z
  },
  status: { local: &apos;success&apos;, remote: &apos;pending&apos; }
}
[22:47:05.492] INFO (#203): Received event from server {
  type: &apos;absence.recorded&apos;,
  data: {
    studentId: &apos;aaaaaaaa-aaaa-4aaa-8aaa-aaaaaaaaaaaa&apos;,
    date: 1970-01-01T00:00:00.020Z,
    reason: &apos;Krank&apos;,
    courseIds: [ &apos;cccccccc-cccc-4ccc-8ccc-cccccccccccc&apos; ]
  },
  id: &apos;050e842c-9b02-441e-b609-95ef00991bc0&apos;,
  timestamp: 2026-03-04T21:47:05.491Z
}

[22:47:05.492] INFO (#208): Received event from server {
  type: &apos;absence.recorded&apos;,
  data: {
    studentId: &apos;aaaaaaaa-aaaa-4aaa-8aaa-aaaaaaaaaaaa&apos;,
    date: 1970-01-01T00:00:00.020Z,
    reason: &apos;Krank&apos;,
    courseIds: [ &apos;cccccccc-cccc-4ccc-8ccc-cccccccccccc&apos; ]
  },
  id: &apos;050e842c-9b02-441e-b609-95ef00991bc0&apos;,
  timestamp: 2026-03-04T21:47:05.491Z
}

[22:47:05.492] INFO (#206): Processed event {
  event: {
    type: &apos;absence.recorded&apos;,
    data: {
      studentId: &apos;aaaaaaaa-aaaa-4aaa-8aaa-aaaaaaaaaaaa&apos;,
      date: 1970-01-01T00:00:00.020Z,
      reason: &apos;Krank&apos;,
      courseIds: [Array]
    },
    id: &apos;050e842c-9b02-441e-b609-95ef00991bc0&apos;,
    timestamp: 2026-03-04T21:47:05.491Z
  },
  status: { local: &apos;pending&apos;, remote: &apos;success&apos; }
}

            </system-out>
        </testcase>
        <testcase classname="packages/api/src/sync.integration.test.ts" name="sync ingest integration &gt; two live client runtimes converge for grades.currentGradeSet" time="0.022149875">
            <system-out>
[22:47:05.513] INFO (#214): Starting queue processor...
[22:47:05.513] INFO (#214): Starting transport listener...
[22:47:05.513] INFO (#214): SyncEngine live layer initialized! 🚀

[22:47:05.513] INFO (#219): Starting queue processor...
[22:47:05.513] INFO (#219): Starting transport listener...
[22:47:05.513] INFO (#219): SyncEngine live layer initialized! 🚀

[22:47:05.514] WARN (#215): Failed to mark event b0626f59-63c9-4a43-9673-b69a36ac2bdc as sent to user aaaaaaaa-aaaa-4aaa-8aaa-aaaaaaaaaaaa: CanonicalStorageError: [object Object]
[22:47:05.514] INFO (#215): Processed event {
  event: {
    type: &apos;grades.currentGradeSet&apos;,
    data: {
      studentId: &apos;aaaaaaaa-aaaa-4aaa-8aaa-aaaaaaaaaaaa&apos;,
      courseId: &apos;cccccccc-cccc-4ccc-8ccc-cccccccccccc&apos;,
      date: 1970-01-01T00:00:00.030Z,
      result: 2.3,
      type: &apos;MASTER&apos;
    },
    id: &apos;b0626f59-63c9-4a43-9673-b69a36ac2bdc&apos;,
    timestamp: 2026-03-04T21:47:05.513Z
  },
  status: { local: &apos;success&apos;, remote: &apos;pending&apos; }
}
[22:47:05.514] INFO (#217): Received event from server {
  type: &apos;grades.currentGradeSet&apos;,
  data: {
    studentId: &apos;aaaaaaaa-aaaa-4aaa-8aaa-aaaaaaaaaaaa&apos;,
    courseId: &apos;cccccccc-cccc-4ccc-8ccc-cccccccccccc&apos;,
    date: 1970-01-01T00:00:00.030Z,
    result: 2.3,
    type: &apos;MASTER&apos;
  },
  id: &apos;b0626f59-63c9-4a43-9673-b69a36ac2bdc&apos;,
  timestamp: 2026-03-04T21:47:05.513Z
}

[22:47:05.514] INFO (#222): Received event from server {
  type: &apos;grades.currentGradeSet&apos;,
  data: {
    studentId: &apos;aaaaaaaa-aaaa-4aaa-8aaa-aaaaaaaaaaaa&apos;,
    courseId: &apos;cccccccc-cccc-4ccc-8ccc-cccccccccccc&apos;,
    date: 1970-01-01T00:00:00.030Z,
    result: 2.3,
    type: &apos;MASTER&apos;
  },
  id: &apos;b0626f59-63c9-4a43-9673-b69a36ac2bdc&apos;,
  timestamp: 2026-03-04T21:47:05.513Z
}

[22:47:05.514] INFO (#220): Processed event {
  event: {
    type: &apos;grades.currentGradeSet&apos;,
    data: {
      studentId: &apos;aaaaaaaa-aaaa-4aaa-8aaa-aaaaaaaaaaaa&apos;,
      courseId: &apos;cccccccc-cccc-4ccc-8ccc-cccccccccccc&apos;,
      date: 1970-01-01T00:00:00.030Z,
      result: 2.3,
      type: &apos;MASTER&apos;
    },
    id: &apos;b0626f59-63c9-4a43-9673-b69a36ac2bdc&apos;,
    timestamp: 2026-03-04T21:47:05.513Z
  },
  status: { local: &apos;pending&apos;, remote: &apos;success&apos; }
}

            </system-out>
        </testcase>
        <testcase classname="packages/api/src/sync.integration.test.ts" name="sync ingest integration &gt; two live client runtimes converge for grades.teacherApproved" time="0.021874917">
            <system-out>
[22:47:05.535] INFO (#228): Starting queue processor...
[22:47:05.535] INFO (#228): Starting transport listener...
[22:47:05.535] INFO (#228): SyncEngine live layer initialized! 🚀

[22:47:05.535] INFO (#233): Starting queue processor...
[22:47:05.535] INFO (#233): Starting transport listener...
[22:47:05.535] INFO (#233): SyncEngine live layer initialized! 🚀

[22:47:05.536] WARN (#229): Failed to mark event b0850424-77a1-4185-a661-f8da9b8cda4f as sent to user aaaaaaaa-aaaa-4aaa-8aaa-aaaaaaaaaaaa: CanonicalStorageError: [object Object]
[22:47:05.536] INFO (#229): Processed event {
  event: {
    type: &apos;grades.teacherApproved&apos;,
    data: {
      studentId: &apos;aaaaaaaa-aaaa-4aaa-8aaa-aaaaaaaaaaaa&apos;,
      date: 1970-01-01T00:00:00.050Z,
      course: &apos;cccccccc-cccc-4ccc-8ccc-cccccccccccc&apos;,
      type: &apos;WRITTEN&apos;,
      signature: &apos;teacher-signature&apos;
    },
    id: &apos;b0850424-77a1-4185-a661-f8da9b8cda4f&apos;,
    timestamp: 2026-03-04T21:47:05.536Z
  },
  status: { local: &apos;success&apos;, remote: &apos;pending&apos; }
}
[22:47:05.536] INFO (#231): Received event from server {
  type: &apos;grades.teacherApproved&apos;,
  data: {
    studentId: &apos;aaaaaaaa-aaaa-4aaa-8aaa-aaaaaaaaaaaa&apos;,
    date: 1970-01-01T00:00:00.050Z,
    course: &apos;cccccccc-cccc-4ccc-8ccc-cccccccccccc&apos;,
    type: &apos;WRITTEN&apos;,
    signature: &apos;teacher-signature&apos;
  },
  id: &apos;b0850424-77a1-4185-a661-f8da9b8cda4f&apos;,
  timestamp: 2026-03-04T21:47:05.536Z
}

[22:47:05.536] INFO (#236): Received event from server {
  type: &apos;grades.teacherApproved&apos;,
  data: {
    studentId: &apos;aaaaaaaa-aaaa-4aaa-8aaa-aaaaaaaaaaaa&apos;,
    date: 1970-01-01T00:00:00.050Z,
    course: &apos;cccccccc-cccc-4ccc-8ccc-cccccccccccc&apos;,
    type: &apos;WRITTEN&apos;,
    signature: &apos;teacher-signature&apos;
  },
  id: &apos;b0850424-77a1-4185-a661-f8da9b8cda4f&apos;,
  timestamp: 2026-03-04T21:47:05.536Z
}

[22:47:05.536] INFO (#234): Processed event {
  event: {
    type: &apos;grades.teacherApproved&apos;,
    data: {
      studentId: &apos;aaaaaaaa-aaaa-4aaa-8aaa-aaaaaaaaaaaa&apos;,
      date: 1970-01-01T00:00:00.050Z,
      course: &apos;cccccccc-cccc-4ccc-8ccc-cccccccccccc&apos;,
      type: &apos;WRITTEN&apos;,
      signature: &apos;teacher-signature&apos;
    },
    id: &apos;b0850424-77a1-4185-a661-f8da9b8cda4f&apos;,
    timestamp: 2026-03-04T21:47:05.536Z
  },
  status: { local: &apos;pending&apos;, remote: &apos;success&apos; }
}

            </system-out>
        </testcase>
        <testcase classname="packages/api/src/sync.integration.test.ts" name="sync ingest integration &gt; two live client runtimes converge for grades.parentApproved" time="0.022073">
            <system-out>
[22:47:05.557] INFO (#242): Starting queue processor...
[22:47:05.557] INFO (#242): Starting transport listener...
[22:47:05.557] INFO (#242): SyncEngine live layer initialized! 🚀

[22:47:05.557] INFO (#247): Starting queue processor...
[22:47:05.557] INFO (#247): Starting transport listener...
[22:47:05.557] INFO (#247): SyncEngine live layer initialized! 🚀

[22:47:05.558] WARN (#243): Failed to mark event 01366249-2ba1-4ee6-aca8-d9635874eec4 as sent to user aaaaaaaa-aaaa-4aaa-8aaa-aaaaaaaaaaaa: CanonicalStorageError: [object Object]
[22:47:05.558] INFO (#243): Processed event {
  event: {
    type: &apos;grades.parentApproved&apos;,
    data: {
      studentId: &apos;aaaaaaaa-aaaa-4aaa-8aaa-aaaaaaaaaaaa&apos;,
      date: 1970-01-01T00:00:00.051Z,
      course: &apos;cccccccc-cccc-4ccc-8ccc-cccccccccccc&apos;,
      type: &apos;WRITTEN&apos;,
      signature: &apos;parent-signature&apos;
    },
    id: &apos;01366249-2ba1-4ee6-aca8-d9635874eec4&apos;,
    timestamp: 2026-03-04T21:47:05.557Z
  },
  status: { local: &apos;success&apos;, remote: &apos;pending&apos; }
}
[22:47:05.558] INFO (#245): Received event from server {
  type: &apos;grades.parentApproved&apos;,
  data: {
    studentId: &apos;aaaaaaaa-aaaa-4aaa-8aaa-aaaaaaaaaaaa&apos;,
    date: 1970-01-01T00:00:00.051Z,
    course: &apos;cccccccc-cccc-4ccc-8ccc-cccccccccccc&apos;,
    type: &apos;WRITTEN&apos;,
    signature: &apos;parent-signature&apos;
  },
  id: &apos;01366249-2ba1-4ee6-aca8-d9635874eec4&apos;,
  timestamp: 2026-03-04T21:47:05.557Z
}

[22:47:05.558] INFO (#250): Received event from server {
  type: &apos;grades.parentApproved&apos;,
  data: {
    studentId: &apos;aaaaaaaa-aaaa-4aaa-8aaa-aaaaaaaaaaaa&apos;,
    date: 1970-01-01T00:00:00.051Z,
    course: &apos;cccccccc-cccc-4ccc-8ccc-cccccccccccc&apos;,
    type: &apos;WRITTEN&apos;,
    signature: &apos;parent-signature&apos;
  },
  id: &apos;01366249-2ba1-4ee6-aca8-d9635874eec4&apos;,
  timestamp: 2026-03-04T21:47:05.557Z
}

[22:47:05.558] INFO (#248): Processed event {
  event: {
    type: &apos;grades.parentApproved&apos;,
    data: {
      studentId: &apos;aaaaaaaa-aaaa-4aaa-8aaa-aaaaaaaaaaaa&apos;,
      date: 1970-01-01T00:00:00.051Z,
      course: &apos;cccccccc-cccc-4ccc-8ccc-cccccccccccc&apos;,
      type: &apos;WRITTEN&apos;,
      signature: &apos;parent-signature&apos;
    },
    id: &apos;01366249-2ba1-4ee6-aca8-d9635874eec4&apos;,
    timestamp: 2026-03-04T21:47:05.557Z
  },
  status: { local: &apos;pending&apos;, remote: &apos;success&apos; }
}

            </system-out>
        </testcase>
        <testcase classname="packages/api/src/sync.integration.test.ts" name="sync ingest integration &gt; two live client runtimes converge for grades.latestRestored" time="0.022096583">
            <system-out>
[22:47:05.579] INFO (#256): Starting queue processor...
[22:47:05.579] INFO (#256): Starting transport listener...
[22:47:05.579] INFO (#256): SyncEngine live layer initialized! 🚀

[22:47:05.579] INFO (#261): Starting queue processor...
[22:47:05.579] INFO (#261): Starting transport listener...
[22:47:05.580] INFO (#261): SyncEngine live layer initialized! 🚀

[22:47:05.580] WARN (#257): Failed to mark event 1dbe4872-cc2f-49a6-98b2-ec794da13083 as sent to user aaaaaaaa-aaaa-4aaa-8aaa-aaaaaaaaaaaa: CanonicalStorageError: [object Object]
[22:47:05.580] INFO (#257): Processed event {
  event: {
    type: &apos;grades.latestRestored&apos;,
    data: {
      studentId: &apos;aaaaaaaa-aaaa-4aaa-8aaa-aaaaaaaaaaaa&apos;,
      course: &apos;cccccccc-cccc-4ccc-8ccc-cccccccccccc&apos;,
      type: &apos;MASTER&apos;
    },
    id: &apos;1dbe4872-cc2f-49a6-98b2-ec794da13083&apos;,
    timestamp: 2026-03-04T21:47:05.580Z
  },
  status: { local: &apos;success&apos;, remote: &apos;pending&apos; }
}
[22:47:05.580] INFO (#259): Received event from server {
  type: &apos;grades.latestRestored&apos;,
  data: {
    studentId: &apos;aaaaaaaa-aaaa-4aaa-8aaa-aaaaaaaaaaaa&apos;,
    course: &apos;cccccccc-cccc-4ccc-8ccc-cccccccccccc&apos;,
    type: &apos;MASTER&apos;
  },
  id: &apos;1dbe4872-cc2f-49a6-98b2-ec794da13083&apos;,
  timestamp: 2026-03-04T21:47:05.580Z
}

[22:47:05.580] INFO (#264): Received event from server {
  type: &apos;grades.latestRestored&apos;,
  data: {
    studentId: &apos;aaaaaaaa-aaaa-4aaa-8aaa-aaaaaaaaaaaa&apos;,
    course: &apos;cccccccc-cccc-4ccc-8ccc-cccccccccccc&apos;,
    type: &apos;MASTER&apos;
  },
  id: &apos;1dbe4872-cc2f-49a6-98b2-ec794da13083&apos;,
  timestamp: 2026-03-04T21:47:05.580Z
}

[22:47:05.580] INFO (#262): Processed event {
  event: {
    type: &apos;grades.latestRestored&apos;,
    data: {
      studentId: &apos;aaaaaaaa-aaaa-4aaa-8aaa-aaaaaaaaaaaa&apos;,
      course: &apos;cccccccc-cccc-4ccc-8ccc-cccccccccccc&apos;,
      type: &apos;MASTER&apos;
    },
    id: &apos;1dbe4872-cc2f-49a6-98b2-ec794da13083&apos;,
    timestamp: 2026-03-04T21:47:05.580Z
  },
  status: { local: &apos;pending&apos;, remote: &apos;success&apos; }
}

            </system-out>
        </testcase>
    </testsuite>
</testsuites>
